==========================================
SLURM_CLUSTER_NAME = paramrudra
SLURM_ARRAY_JOB_ID = 
SLURM_ARRAY_TASK_ID = 
SLURM_ARRAY_TASK_COUNT = 
SLURM_ARRAY_TASK_MAX = 
SLURM_ARRAY_TASK_MIN = 
SLURM_JOB_ACCOUNT = iitk
SLURM_JOB_ID = 3119
SLURM_JOB_NAME = group_28_1
SLURM_JOB_NODELIST = rdcn[25-26]
SLURM_JOB_USER = iitk_33
SLURM_JOB_UID = 55334
SLURM_JOB_PARTITION = cpu
SLURM_TASK_PID = 870438
SLURM_SUBMIT_DIR = /home/iitk_33
SLURM_CPUS_ON_NODE = 16
SLURM_NTASKS = 32
SLURM_TASK_PID = 870438
==========================================
Run 1 | P=8 M=262144 D1=2 D2=4 T=10 seed=1000
99936.000000 1416360.081579 0.111391

Run 1 | P=8 M=1048576 D1=2 D2=4 T=10 seed=1000
99936.000000 1416360.081579 0.416110

Run 1 | P=16 M=262144 D1=2 D2=4 T=10 seed=1000
99936.000000 1416360.081584 0.467153

Run 1 | P=16 M=1048576 D1=2 D2=4 T=10 seed=1000
99936.000000 1416360.081584 0.787414

Run 1 | P=32 M=262144 D1=2 D2=4 T=10 seed=1000
99936.000000 1416360.081587 0.840016

Run 1 | P=32 M=1048576 D1=2 D2=4 T=10 seed=1000
99936.000000 1416360.081587 1.109475

Run 2 | P=8 M=262144 D1=2 D2=4 T=10 seed=1000
99936.000000 1416360.081579 0.116531

Run 2 | P=8 M=1048576 D1=2 D2=4 T=10 seed=1000
99936.000000 1416360.081579 0.418642

Run 2 | P=16 M=262144 D1=2 D2=4 T=10 seed=1000
99936.000000 1416360.081584 0.487910

Run 2 | P=16 M=1048576 D1=2 D2=4 T=10 seed=1000
99936.000000 1416360.081584 0.859568

Run 2 | P=32 M=262144 D1=2 D2=4 T=10 seed=1000
99936.000000 1416360.081587 0.791421

Run 2 | P=32 M=1048576 D1=2 D2=4 T=10 seed=1000
99936.000000 1416360.081587 1.145429

Run 3 | P=8 M=262144 D1=2 D2=4 T=10 seed=1000
99936.000000 1416360.081579 0.115607

Run 3 | P=8 M=1048576 D1=2 D2=4 T=10 seed=1000
99936.000000 1416360.081579 0.419805

Run 3 | P=16 M=262144 D1=2 D2=4 T=10 seed=1000
99936.000000 1416360.081584 0.470961

Run 3 | P=16 M=1048576 D1=2 D2=4 T=10 seed=1000
99936.000000 1416360.081584 0.814096

Run 3 | P=32 M=262144 D1=2 D2=4 T=10 seed=1000
99936.000000 1416360.081587 0.786521

Run 3 | P=32 M=1048576 D1=2 D2=4 T=10 seed=1000
99936.000000 1416360.081587 1.178306

Run 4 | P=8 M=262144 D1=2 D2=4 T=10 seed=1000
99936.000000 1416360.081579 0.120236

Run 4 | P=8 M=1048576 D1=2 D2=4 T=10 seed=1000
99936.000000 1416360.081579 0.424951

Run 4 | P=16 M=262144 D1=2 D2=4 T=10 seed=1000
99936.000000 1416360.081584 0.474553

Run 4 | P=16 M=1048576 D1=2 D2=4 T=10 seed=1000
99936.000000 1416360.081584 0.814273

Run 4 | P=32 M=262144 D1=2 D2=4 T=10 seed=1000
99936.000000 1416360.081587 0.809178

Run 4 | P=32 M=1048576 D1=2 D2=4 T=10 seed=1000
99936.000000 1416360.081587 1.170893

Run 5 | P=8 M=262144 D1=2 D2=4 T=10 seed=1000
99936.000000 1416360.081579 0.110435

Run 5 | P=8 M=1048576 D1=2 D2=4 T=10 seed=1000
99936.000000 1416360.081579 0.416030

Run 5 | P=16 M=262144 D1=2 D2=4 T=10 seed=1000
99936.000000 1416360.081584 0.468731

Run 5 | P=16 M=1048576 D1=2 D2=4 T=10 seed=1000
99936.000000 1416360.081584 0.795012

Run 5 | P=32 M=262144 D1=2 D2=4 T=10 seed=1000
99936.000000 1416360.081587 0.829549

Run 5 | P=32 M=1048576 D1=2 D2=4 T=10 seed=1000
99936.000000 1416360.081587 1.144576


